+----------------------------------------------------------------------------------------------------------------------------------------------------------------------------------------------------------------------------------------------------+
; Report Timing                                                                                                                                                                                                                                      ;
+-------+-----------------------------------------------------------+----------------------------------------------------------------------------------------------------------+--------------+-------------+--------------+------------+------------+
; Slack ; From Node                                                 ; To Node                                                                                                  ; Launch Clock ; Latch Clock ; Relationship ; Clock Skew ; Data Delay ;
+-------+-----------------------------------------------------------+----------------------------------------------------------------------------------------------------------+--------------+-------------+--------------+------------+------------+
; 8.691 ; phase0_control_regs:phase0_control_regs_inst|audio_enable ; phase0_audio_path:phase0_audio_path_inst|phase1_reduced_voice:phase1_reduced_voice_inst|body_pipe[1][4]  ; sys_clk_50m  ; sys_clk_50m ; 20.000       ; -0.612     ; 10.698     ;
; 8.691 ; phase0_control_regs:phase0_control_regs_inst|audio_enable ; phase0_audio_path:phase0_audio_path_inst|phase1_reduced_voice:phase1_reduced_voice_inst|body_pipe[1][2]  ; sys_clk_50m  ; sys_clk_50m ; 20.000       ; -0.612     ; 10.698     ;
; 8.691 ; phase0_control_regs:phase0_control_regs_inst|audio_enable ; phase0_audio_path:phase0_audio_path_inst|phase1_reduced_voice:phase1_reduced_voice_inst|body_pipe[1][10] ; sys_clk_50m  ; sys_clk_50m ; 20.000       ; -0.612     ; 10.698     ;
; 8.696 ; phase0_control_regs:phase0_control_regs_inst|audio_enable ; phase0_audio_path:phase0_audio_path_inst|phase1_reduced_voice:phase1_reduced_voice_inst|body_pipe[0][12] ; sys_clk_50m  ; sys_clk_50m ; 20.000       ; -0.612     ; 10.693     ;
; 8.715 ; phase0_control_regs:phase0_control_regs_inst|audio_enable ; phase0_audio_path:phase0_audio_path_inst|phase1_reduced_voice:phase1_reduced_voice_inst|body_pipe[0][4]  ; sys_clk_50m  ; sys_clk_50m ; 20.000       ; -0.631     ; 10.655     ;
; 8.715 ; phase0_control_regs:phase0_control_regs_inst|audio_enable ; phase0_audio_path:phase0_audio_path_inst|phase1_reduced_voice:phase1_reduced_voice_inst|body_pipe[0][2]  ; sys_clk_50m  ; sys_clk_50m ; 20.000       ; -0.631     ; 10.655     ;
; 8.769 ; phase0_control_regs:phase0_control_regs_inst|audio_enable ; phase0_audio_path:phase0_audio_path_inst|phase1_reduced_voice:phase1_reduced_voice_inst|body_pipe[0][14] ; sys_clk_50m  ; sys_clk_50m ; 20.000       ; -0.612     ; 10.620     ;
; 8.832 ; phase0_control_regs:phase0_control_regs_inst|audio_enable ; phase0_audio_path:phase0_audio_path_inst|phase1_reduced_voice:phase1_reduced_voice_inst|body_pipe[28][9] ; sys_clk_50m  ; sys_clk_50m ; 20.000       ; -0.603     ; 10.566     ;
+-------+-----------------------------------------------------------+----------------------------------------------------------------------------------------------------------+--------------+-------------+--------------+------------+------------+
