# vsim -c -l E:/projects/piano-agents/reports/phase2_hammer_voice_tb.log work2.phase1_reduced_voice_tb -do "run 6 ms" 
# Start time: 08:56:32 on May 13,2026
# ** Note: (vsim-3812) Design is being optimized...
# //  ModelSim SE-64 10.5 Feb 13 2016 
# //
# //  Copyright 1991-2016 Mentor Graphics Corporation
# //  All Rights Reserved.
# //
# //  ModelSim SE-64 and its associated documentation contain trade
# //  secrets and commercial or financial information that are the property of
# //  Mentor Graphics Corporation and are privileged, confidential,
# //  and exempt from disclosure under the Freedom of Information Act,
# //  5 U.S.C. Section 552. Furthermore, this information
# //  is prohibited from disclosure under the Trade Secrets Act,
# //  18 U.S.C. Section 1905.
# //
# Loading work.phase1_reduced_voice_tb(fast)
# run 6 ms
# 
# <EOF>
# End time: 08:56:34 on May 13,2026, Elapsed time: 0:00:02
# Errors: 0, Warnings: 0
