+-----------------------------------------------------------------------------------------------------------------------------------------------------------------------------------------------------------------------------------------------------------------------------------------------------------+
; Report Timing                                                                                                                                                                                                                                                                                             ;
+-------+---------------------------------------------------------------------------------------------------------------------+-------------------------------------------------------------------------------------------------------+--------------+-------------+--------------+------------+------------+
; Slack ; From Node                                                                                                           ; To Node                                                                                               ; Launch Clock ; Latch Clock ; Relationship ; Clock Skew ; Data Delay ;
+-------+---------------------------------------------------------------------------------------------------------------------+-------------------------------------------------------------------------------------------------------+--------------+-------------+--------------+------------+------------+
; 0.532 ; phase0_audio_path:phase0_audio_path_inst|phase1_reduced_voice:phase1_reduced_voice_inst|delay_line~0                ; phase0_audio_path:phase0_audio_path_inst|phase1_reduced_voice:phase1_reduced_voice_inst|dl_sample[11] ; sys_clk_50m  ; sys_clk_50m ; 0.000        ; 0.082      ; 0.826      ;
; 0.534 ; phase0_audio_path:phase0_audio_path_inst|phase1_reduced_voice:phase1_reduced_voice_inst|delay_line~0                ; phase0_audio_path:phase0_audio_path_inst|phase1_reduced_voice:phase1_reduced_voice_inst|dl_sample[0]  ; sys_clk_50m  ; sys_clk_50m ; 0.000        ; 0.082      ; 0.828      ;
; 0.534 ; phase0_audio_path:phase0_audio_path_inst|phase1_reduced_voice:phase1_reduced_voice_inst|delay_line~0                ; phase0_audio_path:phase0_audio_path_inst|phase1_reduced_voice:phase1_reduced_voice_inst|dl_sample[6]  ; sys_clk_50m  ; sys_clk_50m ; 0.000        ; 0.082      ; 0.828      ;
; 0.697 ; phase0_audio_path:phase0_audio_path_inst|phase1_reduced_voice:phase1_reduced_voice_inst|delay_line_rtl_0_bypass[26] ; phase0_audio_path:phase0_audio_path_inst|phase1_reduced_voice:phase1_reduced_voice_inst|dl_sample[11] ; sys_clk_50m  ; sys_clk_50m ; 0.000        ; 0.082      ; 0.991      ;
; 0.698 ; phase0_audio_path:phase0_audio_path_inst|phase1_reduced_voice:phase1_reduced_voice_inst|delay_line_rtl_0_bypass[28] ; phase0_audio_path:phase0_audio_path_inst|phase1_reduced_voice:phase1_reduced_voice_inst|dl_sample[13] ; sys_clk_50m  ; sys_clk_50m ; 0.000        ; 0.081      ; 0.991      ;
; 0.698 ; phase0_audio_path:phase0_audio_path_inst|phase1_reduced_voice:phase1_reduced_voice_inst|delay_line_rtl_0_bypass[15] ; phase0_audio_path:phase0_audio_path_inst|phase1_reduced_voice:phase1_reduced_voice_inst|dl_sample[0]  ; sys_clk_50m  ; sys_clk_50m ; 0.000        ; 0.082      ; 0.992      ;
; 0.698 ; phase0_audio_path:phase0_audio_path_inst|phase1_reduced_voice:phase1_reduced_voice_inst|delay_line_rtl_0_bypass[16] ; phase0_audio_path:phase0_audio_path_inst|phase1_reduced_voice:phase1_reduced_voice_inst|dl_sample[1]  ; sys_clk_50m  ; sys_clk_50m ; 0.000        ; 0.082      ; 0.992      ;
; 0.698 ; phase0_audio_path:phase0_audio_path_inst|phase1_reduced_voice:phase1_reduced_voice_inst|delay_line_rtl_0_bypass[17] ; phase0_audio_path:phase0_audio_path_inst|phase1_reduced_voice:phase1_reduced_voice_inst|dl_sample[2]  ; sys_clk_50m  ; sys_clk_50m ; 0.000        ; 0.081      ; 0.991      ;
+-------+---------------------------------------------------------------------------------------------------------------------+-------------------------------------------------------------------------------------------------------+--------------+-------------+--------------+------------+------------+
