Info: *******************************************************************
Info: Running Quartus II 64-Bit Programmer
    Info: Version 13.0.1 Build 232 06/12/2013 Service Pack 1 SJ Full Version
    Info: Copyright (C) 1991-2013 Altera Corporation. All rights reserved.
    Info: Your use of Altera Corporation's design tools, logic functions 
    Info: and other software and tools, and its AMPP partner logic 
    Info: functions, and any output files from any of the foregoing 
    Info: (including device programming or simulation files), and any 
    Info: associated documentation or information are expressly subject 
    Info: to the terms and conditions of the Altera Program License 
    Info: Subscription Agreement, Altera MegaCore Function License 
    Info: Agreement, or other applicable license agreement, including, 
    Info: without limitation, that your use is for the sole purpose of 
    Info: programming logic devices manufactured by Altera and sold by 
    Info: Altera or its authorized distributors.  Please refer to the 
    Info: applicable agreement for further details.
    Info: Processing started: Fri Apr 24 08:15:10 2026
Info: Command: quartus_pgm -c "USB-Blaster [USB-0]" -m JTAG -o P;E:\projects\piano-agents\quartus\phase0\output_files\piano_phase0_top.sof@1
Info (213045): Using programming cable "USB-Blaster [USB-0]"
Info (213011): Using programming file E:/projects/piano-agents/quartus/phase0/output_files/piano_phase0_top.sof with checksum 0x003EAD3F for device EP4CE10F17@1
Info (209060): Started Programmer operation at Fri Apr 24 08:15:11 2026
Info (209016): Configuring device index 1
Info (209017): Device 1 contains JTAG ID code 0x020F10DD
Info (209007): Configuration succeeded -- 1 device(s) configured
Info (209011): Successfully performed operation(s)
Info (209061): Ended Programmer operation at Fri Apr 24 08:15:13 2026
Info: Quartus II 64-Bit Programmer was successful. 0 errors, 0 warnings
    Info: Peak virtual memory: 4355 megabytes
    Info: Processing ended: Fri Apr 24 08:15:13 2026
    Info: Elapsed time: 00:00:03
    Info: Total CPU time (on all processors): 00:00:14

