# vsim -c work.piano_phase0_top_nack_tb -l E:\projects\piano-agents\reports\phase0_board_io_timing_msim_nack.log -do "run 12 ms; quit -f" 
# Start time: 08:55:43 on Apr 24,2026
# ** Note: (vsim-8009) Loading existing optimized design _opt1
# //  ModelSim SE-64 10.5 Feb 13 2016 
# //
# //  Copyright 1991-2016 Mentor Graphics Corporation
# //  All Rights Reserved.
# //
# //  ModelSim SE-64 and its associated documentation contain trade
# //  secrets and commercial or financial information that are the property of
# //  Mentor Graphics Corporation and are privileged, confidential,
# //  and exempt from disclosure under the Freedom of Information Act,
# //  5 U.S.C. Section 552. Furthermore, this information
# //  is prohibited from disclosure under the Trade Secrets Act,
# //  18 U.S.C. Section 1905.
# //
# Loading work.piano_phase0_top_nack_tb(fast)
# Loading work.altsyncram(fast)
# Loading work.ALTERA_DEVICE_FAMILIES(fast)
# Loading work.altsyncram(fast__1)
# run 12 ms
#  Note : Cyclone IV E PLL was reset
# Time: 0  Instance: piano_phase0_top_nack_tb.env.dut.wm8978_codec_stub_inst.phase0_audio_mclk_pll_inst.altpll_component.cycloneiii_pll.pll3
#  Note : Cyclone IV E PLL locked to incoming clock
# Time: 310000  Instance: piano_phase0_top_nack_tb.env.dut.wm8978_codec_stub_inst.phase0_audio_mclk_pll_inst.altpll_component.cycloneiii_pll.pll3
# TB_NACK_PASS fabric_status=6019073f soc_status=033f nack_count=1 stop_count=1
# ** Note: $finish    : E:/projects/piano-agents/rtl/top/piano_phase0_top_tb.v(282)
#    Time: 12 ms  Iteration: 0  Instance: /piano_phase0_top_nack_tb/env
# End time: 08:56:37 on Apr 24,2026, Elapsed time: 0:00:54
# Errors: 0, Warnings: 0
