python : Phase 6 M6 body_mix sweep: 7 
body_mix x 2 pitch = 14 cells, total 
84.9 s + setup
At line:1 char:1
+ python 
scripts/phase6_m6_body_mix_sweep.py 
--run --port COM5 --body-m ...
+ ~~~~~~~~~~~~~~~~~~~~~~~~~~~~~~~~~~~~
~~~~~~~~~~~~~~~~~~~~~~~~~~~~~~~~~
    + CategoryInfo          : NotSpec 
   ified: (Phase 6 M6 body... 84.9 s  
   + setup:String) [], RemoteExcept   
 ion
    + FullyQualifiedErrorId : NativeC 
   ommandError
 
Expected device command counts: !I1=1 
!B=7 !F=15 !N=14 !I0=1 (total 38 
valid commands; X expected 0)
Start audio capture now and record 
the audio start unix time. Sidecar 
session_start_unix=1779947102.955
[00] t=  4.234s body_mix=0x1000 A4 
!N006A7FFF
[01] t= 10.265s body_mix=0x1000 C5 
!N00597FFF
[02] t= 16.406s body_mix=0x2000 A4 
!N006A7FFF
[03] t= 22.437s body_mix=0x2000 C5 
!N00597FFF
[04] t= 28.578s body_mix=0x3000 A4 
!N006A7FFF
[05] t= 34.593s body_mix=0x3000 C5 
!N00597FFF
[06] t= 40.718s body_mix=0x4000 A4 
!N006A7FFF
[07] t= 46.750s body_mix=0x4000 C5 
!N00597FFF
[08] t= 52.890s body_mix=0x5000 A4 
!N006A7FFF
[09] t= 58.921s body_mix=0x5000 C5 
!N00597FFF
[10] t= 65.046s body_mix=0x6000 A4 
!N006A7FFF
[11] t= 71.078s body_mix=0x6000 C5 
!N00597FFF
[12] t= 77.218s body_mix=0x7000 A4 
!N006A7FFF
[13] t= 83.234s body_mix=0x7000 C5 
!N00597FFF
Sidecar written: reports/phase6_m6_4_i
nt_inrange_sweep_session.json
