+-------------------------------------------------------------------------------------------------------------------------------------------------------------------------------------------------------------------------------------------------------------------+
; Report Timing                                                                                                                                                                                                                                                     ;
+--------+--------------------------------------------------------------+---------------------------------------------------------------------------------------------------------------------+--------------+-------------+--------------+------------+------------+
; Slack  ; From Node                                                    ; To Node                                                                                                             ; Launch Clock ; Latch Clock ; Relationship ; Clock Skew ; Data Delay ;
+--------+--------------------------------------------------------------+---------------------------------------------------------------------------------------------------------------------+--------------+-------------+--------------+------------+------------+
; 11.746 ; wm8978_codec_stub:wm8978_codec_stub_inst|frame_toggle_sys[2] ; phase0_rv32i_soc:phase0_soc_inst|phase0_rv32i_core:cpu_inst|wb_writeback_data_q[1]                                  ; sys_clk_50m  ; sys_clk_50m ; 20.000       ; -0.106     ; 8.149      ;
; 11.953 ; wm8978_codec_stub:wm8978_codec_stub_inst|frame_toggle_sys[1] ; phase0_rv32i_soc:phase0_soc_inst|phase0_rv32i_core:cpu_inst|wb_writeback_data_q[1]                                  ; sys_clk_50m  ; sys_clk_50m ; 20.000       ; -0.106     ; 7.942      ;
; 11.995 ; wm8978_codec_stub:wm8978_codec_stub_inst|frame_toggle_sys[2] ; phase0_rv32i_soc:phase0_soc_inst|phase0_rv32i_core:cpu_inst|wb_writeback_data_q[9]                                  ; sys_clk_50m  ; sys_clk_50m ; 20.000       ; -0.106     ; 7.900      ;
; 12.202 ; wm8978_codec_stub:wm8978_codec_stub_inst|frame_toggle_sys[1] ; phase0_rv32i_soc:phase0_soc_inst|phase0_rv32i_core:cpu_inst|wb_writeback_data_q[9]                                  ; sys_clk_50m  ; sys_clk_50m ; 20.000       ; -0.106     ; 7.693      ;
; 12.887 ; wm8978_codec_stub:wm8978_codec_stub_inst|frame_toggle_sys[2] ; phase0_audio_path:phase0_audio_path_inst|phase1_reduced_voice:phase1_reduced_voice_inst|delay_line_rtl_1_bypass[2]  ; sys_clk_50m  ; sys_clk_50m ; 20.000       ; -0.107     ; 7.007      ;
; 13.018 ; wm8978_codec_stub:wm8978_codec_stub_inst|frame_toggle_sys[2] ; phase0_audio_path:phase0_audio_path_inst|phase1_reduced_voice:phase1_reduced_voice_inst|delay_line_rtl_0_bypass[10] ; sys_clk_50m  ; sys_clk_50m ; 20.000       ; -0.107     ; 6.876      ;
; 13.019 ; wm8978_codec_stub:wm8978_codec_stub_inst|frame_toggle_sys[2] ; phase0_audio_path:phase0_audio_path_inst|phase1_reduced_voice:phase1_reduced_voice_inst|delay_line_rtl_1_bypass[10] ; sys_clk_50m  ; sys_clk_50m ; 20.000       ; -0.107     ; 6.875      ;
; 13.094 ; wm8978_codec_stub:wm8978_codec_stub_inst|frame_toggle_sys[1] ; phase0_audio_path:phase0_audio_path_inst|phase1_reduced_voice:phase1_reduced_voice_inst|delay_line_rtl_1_bypass[2]  ; sys_clk_50m  ; sys_clk_50m ; 20.000       ; -0.107     ; 6.800      ;
+--------+--------------------------------------------------------------+---------------------------------------------------------------------------------------------------------------------+--------------+-------------+--------------+------------+------------+
