+---------------------------------------------------------------------------------------------------------------------------------------------------------------------------------------------------------------------------------------------------------------------------------------------------------------------------------------------------------------------------+
; Report Timing                                                                                                                                                                                                                                                                                                                                                             ;
+-------+------------------------------------------------------------------------------------------------------------------------------------------------------------------------------------+--------------------------------------------------------------------------------------------------------+--------------+-------------+--------------+------------+------------+
; Slack ; From Node                                                                                                                                                                          ; To Node                                                                                                ; Launch Clock ; Latch Clock ; Relationship ; Clock Skew ; Data Delay ;
+-------+------------------------------------------------------------------------------------------------------------------------------------------------------------------------------------+--------------------------------------------------------------------------------------------------------+--------------+-------------+--------------+------------+------------+
; 6.606 ; phase0_audio_path:phase0_audio_path_inst|phase1_reduced_voice:phase1_reduced_voice_inst|altsyncram:delay_line_rtl_0|altsyncram_3si1:auto_generated|ram_block1a0~portb_address_reg0 ; phase0_audio_path:phase0_audio_path_inst|phase1_reduced_voice:phase1_reduced_voice_inst|mult_sample[6] ; sys_clk_50m  ; sys_clk_50m ; 20.000       ; -0.489     ; 12.906     ;
; 6.805 ; phase0_audio_path:phase0_audio_path_inst|phase1_reduced_voice:phase1_reduced_voice_inst|altsyncram:delay_line_rtl_0|altsyncram_3si1:auto_generated|ram_block1a0~portb_address_reg0 ; phase0_audio_path:phase0_audio_path_inst|phase1_reduced_voice:phase1_reduced_voice_inst|mult_sample[6] ; sys_clk_50m  ; sys_clk_50m ; 20.000       ; -0.489     ; 12.707     ;
; 6.874 ; phase0_audio_path:phase0_audio_path_inst|phase1_reduced_voice:phase1_reduced_voice_inst|altsyncram:delay_line_rtl_0|altsyncram_3si1:auto_generated|ram_block1a0~portb_address_reg0 ; phase0_audio_path:phase0_audio_path_inst|phase1_reduced_voice:phase1_reduced_voice_inst|mult_sample[6] ; sys_clk_50m  ; sys_clk_50m ; 20.000       ; -0.489     ; 12.638     ;
; 6.908 ; phase0_audio_path:phase0_audio_path_inst|phase1_reduced_voice:phase1_reduced_voice_inst|altsyncram:delay_line_rtl_0|altsyncram_3si1:auto_generated|ram_block1a0~portb_address_reg0 ; phase0_audio_path:phase0_audio_path_inst|phase1_reduced_voice:phase1_reduced_voice_inst|mult_sample[6] ; sys_clk_50m  ; sys_clk_50m ; 20.000       ; -0.489     ; 12.604     ;
; 6.925 ; phase0_audio_path:phase0_audio_path_inst|phase1_reduced_voice:phase1_reduced_voice_inst|altsyncram:delay_line_rtl_0|altsyncram_3si1:auto_generated|ram_block1a0~portb_address_reg0 ; phase0_audio_path:phase0_audio_path_inst|phase1_reduced_voice:phase1_reduced_voice_inst|mult_sample[6] ; sys_clk_50m  ; sys_clk_50m ; 20.000       ; -0.489     ; 12.587     ;
; 6.944 ; phase0_audio_path:phase0_audio_path_inst|phase1_reduced_voice:phase1_reduced_voice_inst|altsyncram:delay_line_rtl_0|altsyncram_3si1:auto_generated|ram_block1a0~portb_address_reg0 ; phase0_audio_path:phase0_audio_path_inst|phase1_reduced_voice:phase1_reduced_voice_inst|mult_sample[6] ; sys_clk_50m  ; sys_clk_50m ; 20.000       ; -0.489     ; 12.568     ;
; 6.946 ; phase0_audio_path:phase0_audio_path_inst|phase1_reduced_voice:phase1_reduced_voice_inst|altsyncram:delay_line_rtl_0|altsyncram_3si1:auto_generated|ram_block1a0~portb_address_reg0 ; phase0_audio_path:phase0_audio_path_inst|phase1_reduced_voice:phase1_reduced_voice_inst|mult_sample[6] ; sys_clk_50m  ; sys_clk_50m ; 20.000       ; -0.489     ; 12.566     ;
; 6.965 ; phase0_audio_path:phase0_audio_path_inst|phase1_reduced_voice:phase1_reduced_voice_inst|altsyncram:delay_line_rtl_0|altsyncram_3si1:auto_generated|ram_block1a0~portb_address_reg0 ; phase0_audio_path:phase0_audio_path_inst|phase1_reduced_voice:phase1_reduced_voice_inst|mult_sample[5] ; sys_clk_50m  ; sys_clk_50m ; 20.000       ; -0.457     ; 12.579     ;
+-------+------------------------------------------------------------------------------------------------------------------------------------------------------------------------------------+--------------------------------------------------------------------------------------------------------+--------------+-------------+--------------+------------+------------+
