+------------------------------------------------------------------------------------------------------------------------------------------------------------------------------------------------------------------------------------------------------------------------------------------------------+
; Report Timing                                                                                                                                                                                                                                                                                        ;
+-------+--------------------------------------------------------------------------------------------------------+---------------------------------------------------------------------------------------------------------------+--------------+-------------+--------------+------------+------------+
; Slack ; From Node                                                                                              ; To Node                                                                                                       ; Launch Clock ; Latch Clock ; Relationship ; Clock Skew ; Data Delay ;
+-------+--------------------------------------------------------------------------------------------------------+---------------------------------------------------------------------------------------------------------------+--------------+-------------+--------------+------------+------------+
; 4.757 ; phase0_audio_path:phase0_audio_path_inst|phase1_reduced_voice:phase1_reduced_voice_inst|mult_coeff[12] ; phase0_audio_path:phase0_audio_path_inst|phase1_reduced_voice:phase1_reduced_voice_inst|output_sample_q18[3]  ; sys_clk_50m  ; sys_clk_50m ; 20.000       ; -0.082     ; 15.162     ;
; 4.758 ; phase0_audio_path:phase0_audio_path_inst|phase1_reduced_voice:phase1_reduced_voice_inst|mult_coeff[12] ; phase0_audio_path:phase0_audio_path_inst|phase1_reduced_voice:phase1_reduced_voice_inst|output_sample_q18[4]  ; sys_clk_50m  ; sys_clk_50m ; 20.000       ; -0.082     ; 15.161     ;
; 4.759 ; phase0_audio_path:phase0_audio_path_inst|phase1_reduced_voice:phase1_reduced_voice_inst|mult_coeff[12] ; phase0_audio_path:phase0_audio_path_inst|phase1_reduced_voice:phase1_reduced_voice_inst|output_sample_q18[7]  ; sys_clk_50m  ; sys_clk_50m ; 20.000       ; -0.082     ; 15.160     ;
; 4.760 ; phase0_audio_path:phase0_audio_path_inst|phase1_reduced_voice:phase1_reduced_voice_inst|mult_coeff[12] ; phase0_audio_path:phase0_audio_path_inst|phase1_reduced_voice:phase1_reduced_voice_inst|output_sample_q18[8]  ; sys_clk_50m  ; sys_clk_50m ; 20.000       ; -0.082     ; 15.159     ;
; 4.761 ; phase0_audio_path:phase0_audio_path_inst|phase1_reduced_voice:phase1_reduced_voice_inst|mult_coeff[12] ; phase0_audio_path:phase0_audio_path_inst|phase1_reduced_voice:phase1_reduced_voice_inst|output_sample_q18[2]  ; sys_clk_50m  ; sys_clk_50m ; 20.000       ; -0.082     ; 15.158     ;
; 4.762 ; phase0_audio_path:phase0_audio_path_inst|phase1_reduced_voice:phase1_reduced_voice_inst|mult_coeff[12] ; phase0_audio_path:phase0_audio_path_inst|phase1_reduced_voice:phase1_reduced_voice_inst|output_sample_q18[5]  ; sys_clk_50m  ; sys_clk_50m ; 20.000       ; -0.082     ; 15.157     ;
; 4.763 ; phase0_audio_path:phase0_audio_path_inst|phase1_reduced_voice:phase1_reduced_voice_inst|mult_coeff[12] ; phase0_audio_path:phase0_audio_path_inst|phase1_reduced_voice:phase1_reduced_voice_inst|output_sample_q18[6]  ; sys_clk_50m  ; sys_clk_50m ; 20.000       ; -0.082     ; 15.156     ;
; 4.808 ; phase0_audio_path:phase0_audio_path_inst|phase1_reduced_voice:phase1_reduced_voice_inst|mult_coeff[12] ; phase0_audio_path:phase0_audio_path_inst|phase1_reduced_voice:phase1_reduced_voice_inst|output_sample_q18[16] ; sys_clk_50m  ; sys_clk_50m ; 20.000       ; -0.082     ; 15.111     ;
+-------+--------------------------------------------------------------------------------------------------------+---------------------------------------------------------------------------------------------------------------+--------------+-------------+--------------+------------+------------+
