# vsim -lib phase1c_uartrx_work -c phase1c_uart_rx_mmio_backpressure_tb -l reports\phase1c_uart_rx_command_ingress_msim_backpressure.log -do "run -all; quit -f" 
# Start time: 22:08:41 on Apr 28,2026
# ** Note: (vsim-3812) Design is being optimized...
# //  ModelSim SE-64 10.5 Feb 13 2016 
# //
# //  Copyright 1991-2016 Mentor Graphics Corporation
# //  All Rights Reserved.
# //
# //  ModelSim SE-64 and its associated documentation contain trade
# //  secrets and commercial or financial information that are the property of
# //  Mentor Graphics Corporation and are privileged, confidential,
# //  and exempt from disclosure under the Freedom of Information Act,
# //  5 U.S.C. Section 552. Furthermore, this information
# //  is prohibited from disclosure under the Trade Secrets Act,
# //  18 U.S.C. Section 1905.
# //
# Loading work.phase1c_uart_rx_mmio_backpressure_tb(fast)
# run -all
# TB_UART_RX_BACKPRESSURE_PASS rdata=00000007 status_word=0033
# ** Note: $finish    : phase1c_uartrx_work/phase1c_uart_rx_top_tb.v(586)
#    Time: 1836220 ns  Iteration: 0  Instance: /phase1c_uart_rx_mmio_backpressure_tb
# End time: 22:08:43 on Apr 28,2026, Elapsed time: 0:00:02
# Errors: 0, Warnings: 0
