# vsim -lib phase1c_uartrx_work -c phase1c_uart_rx_no_command_tb -l reports\phase1c_uart_rx_command_ingress_boundary_msim_no_command.log -do "run -all; quit -f" 
# Start time: 23:17:52 on Apr 28,2026
# ** Note: (vsim-3812) Design is being optimized...
# //  ModelSim SE-64 10.5 Feb 13 2016 
# //
# //  Copyright 1991-2016 Mentor Graphics Corporation
# //  All Rights Reserved.
# //
# //  ModelSim SE-64 and its associated documentation contain trade
# //  secrets and commercial or financial information that are the property of
# //  Mentor Graphics Corporation and are privileged, confidential,
# //  and exempt from disclosure under the Freedom of Information Act,
# //  5 U.S.C. Section 552. Furthermore, this information
# //  is prohibited from disclosure under the Trade Secrets Act,
# //  18 U.S.C. Section 1905.
# //
# Loading work.phase1c_uart_rx_no_command_tb(fast)
# Loading work.altsyncram(fast)
# Loading work.ALTERA_DEVICE_FAMILIES(fast)
# Loading work.altsyncram(fast__1)
# run -all
#  Note : Cyclone IV E PLL was reset
# Time: 0  Instance: phase1c_uart_rx_no_command_tb.env.dut.wm8978_codec_stub_inst.phase0_audio_mclk_pll_inst.altpll_component.cycloneiii_pll.pll3
#  Note : Cyclone IV E PLL locked to incoming clock
# Time: 310000  Instance: phase1c_uart_rx_no_command_tb.env.dut.wm8978_codec_stub_inst.phase0_audio_mclk_pll_inst.altpll_component.cycloneiii_pll.pll3
# TB_UART_RX_PASS mode=0 rr_event_seen=6 voice_trigger_count=2 voice1_trigger_count=2 voice2_trigger_count=2 mix_peak_level=6224 mix_clip_count=0 uart_capture_count=312 expected_G=6 expected_Q=0 expected_X=00000000
# ** Note: $finish    : phase1c_uartrx_work/phase1c_uart_rx_top_tb.v(509)
#    Time: 45 ms  Iteration: 0  Instance: /phase1c_uart_rx_no_command_tb/env
# End time: 23:20:31 on Apr 28,2026, Elapsed time: 0:02:39
# Errors: 0, Warnings: 0
