# vsim -lib phase1c_bodypipe_work -c phase1_reduced_voice_tb "+WRITE_GOLDEN" -l reports\phase1c_body_pipe_golden_write.log -do "run -all; quit -f" 
# Start time: 17:40:19 on Apr 28,2026
# ** Note: (vsim-3812) Design is being optimized...
# //  ModelSim SE-64 10.5 Feb 13 2016 
# //
# //  Copyright 1991-2016 Mentor Graphics Corporation
# //  All Rights Reserved.
# //
# //  ModelSim SE-64 and its associated documentation contain trade
# //  secrets and commercial or financial information that are the property of
# //  Mentor Graphics Corporation and are privileged, confidential,
# //  and exempt from disclosure under the Freedom of Information Act,
# //  5 U.S.C. Section 552. Furthermore, this information
# //  is prohibited from disclosure under the Trade Secrets Act,
# //  18 U.S.C. Section 1905.
# //
# Loading work.phase1_reduced_voice_tb(fast)
# run -all
# VOICE_TB_GOLDEN_WRITE samples=4096 file=rtl/audio/phase1_reduced_voice_golden_samples.hex
# VOICE_TB_PASS first_nonzero_sample=106 freq=438.084112 rms_100ms=292.703180 rms_500ms=35.578467 rms_3s=0.000000 peak=2082 golden_samples=4096
# ** Note: $finish    : rtl/audio/phase1_reduced_voice_tb.v(174)
#    Time: 187528230 ns  Iteration: 1  Instance: /phase1_reduced_voice_tb
# End time: 17:40:24 on Apr 28,2026, Elapsed time: 0:00:05
# Errors: 0, Warnings: 0
