# vsim -voptargs="+acc" -c work.piano_phase0_top_tb -l E:\projects\piano-agents\reports\phase0_board_io_timing_msim_happy.log -do "run 12 ms; quit -f" 
# Start time: 08:51:46 on Apr 24,2026
# ** Note: (vsim-3812) Design is being optimized...
# ** Note: (vopt-143) Recognized 1 FSM in module "phase0_rv32i_core(fast)".
# //  ModelSim SE-64 10.5 Feb 13 2016 
# //
# //  Copyright 1991-2016 Mentor Graphics Corporation
# //  All Rights Reserved.
# //
# //  ModelSim SE-64 and its associated documentation contain trade
# //  secrets and commercial or financial information that are the property of
# //  Mentor Graphics Corporation and are privileged, confidential,
# //  and exempt from disclosure under the Freedom of Information Act,
# //  5 U.S.C. Section 552. Furthermore, this information
# //  is prohibited from disclosure under the Trade Secrets Act,
# //  18 U.S.C. Section 1905.
# //
# Loading work.piano_phase0_top_tb(fast)
# Loading work.piano_phase0_tb_env(fast)
# Loading work.piano_phase0_top(fast)
# Loading work.phase0_reset_sync(fast)
# Loading work.phase0_rv32i_soc(fast)
# Loading work.phase0_rv32i_core(fast)
# Loading work.phase0_boot_rom(fast)
# Loading work.altsyncram(fast)
# Loading work.ALTERA_DEVICE_FAMILIES(fast)
# Loading work.ALTERA_MF_MEMORY_INITIALIZATION(fast)
# Loading work.phase0_data_ram(fast)
# Loading work.altsyncram(fast__1)
# Loading work.phase0_uart_mmio(fast)
# Loading work.uart_tx(fast)
# Loading work.phase0_control_regs(fast)
# Loading work.phase0_audio_path(fast)
# Loading work.phase0_sample_gen(fast)
# Loading work.wm8978_codec_stub(fast)
# Loading work.phase0_audio_mclk_pll(fast)
# Loading work.altpll(fast)
# Loading work.ALTERA_DEVICE_FAMILIES(fast__1)
# Loading work.MF_cycloneiii_pll(fast)
# Loading work.cda_m_cntr(fast)
# Loading work.cda_n_cntr(fast)
# Loading work.cda_scale_cntr(fast)
# Loading work.pll_iobuf(fast)
# Loading work.wm8978_boot_seq(fast)
# Loading work.wm8978_i2c_ctrl(fast)
# Loading work.wm8978_dac_tx(fast)
# Loading work.wm8978_i2c_model(fast)
# run 12 ms
#  Note : Cyclone IV E PLL was reset
# Time: 0  Instance: piano_phase0_top_tb.env.dut.wm8978_codec_stub_inst.phase0_audio_mclk_pll_inst.altpll_component.cycloneiii_pll.pll3
#  Note : Cyclone IV E PLL locked to incoming clock
# Time: 310000  Instance: piano_phase0_top_tb.env.dut.wm8978_codec_stub_inst.phase0_audio_mclk_pll_inst.altpll_component.cycloneiii_pll.pll3
# TB_PASS fabric_status=8019077f soc_status=037f write_count=18 dac_toggle_count=1668 uart_capture_count=36
# ** Note: $finish    : E:/projects/piano-agents/rtl/top/piano_phase0_top_tb.v(282)
#    Time: 12 ms  Iteration: 0  Instance: /piano_phase0_top_tb/env
# End time: 08:53:44 on Apr 24,2026, Elapsed time: 0:01:58
# Errors: 0, Warnings: 0
