+---------------------------------------------------------------------------------------------------------------------------------------------------------------------------------------------------------------------------------------------------------------------------------------------------+
; Report Timing                                                                                                                                                                                                                                                                                     ;
+-------+----------------------------------------------------------------------------------------------------------+----------------------------------------------------------------------------------------------------------+--------------+-------------+--------------+------------+------------+
; Slack ; From Node                                                                                                ; To Node                                                                                                  ; Launch Clock ; Latch Clock ; Relationship ; Clock Skew ; Data Delay ;
+-------+----------------------------------------------------------------------------------------------------------+----------------------------------------------------------------------------------------------------------+--------------+-------------+--------------+------------+------------+
; 0.451 ; phase0_audio_path:phase0_audio_path_inst|phase1_reduced_voice:phase1_reduced_voice_inst|active           ; phase0_audio_path:phase0_audio_path_inst|phase1_reduced_voice:phase1_reduced_voice_inst|active           ; sys_clk_50m  ; sys_clk_50m ; 0.000        ; 0.083      ; 0.746      ;
; 0.451 ; phase0_audio_path:phase0_audio_path_inst|phase1_reduced_voice:phase1_reduced_voice_inst|state.STATE_IDLE ; phase0_audio_path:phase0_audio_path_inst|phase1_reduced_voice:phase1_reduced_voice_inst|state.STATE_IDLE ; sys_clk_50m  ; sys_clk_50m ; 0.000        ; 0.083      ; 0.746      ;
; 0.451 ; phase0_audio_path:phase0_audio_path_inst|phase1_reduced_voice:phase1_reduced_voice_inst|excite_busy      ; phase0_audio_path:phase0_audio_path_inst|phase1_reduced_voice:phase1_reduced_voice_inst|excite_busy      ; sys_clk_50m  ; sys_clk_50m ; 0.000        ; 0.083      ; 0.746      ;
; 0.452 ; phase0_audio_path:phase0_audio_path_inst|phase1_reduced_voice:phase1_reduced_voice_inst|mult_coeff[15]   ; phase0_audio_path:phase0_audio_path_inst|phase1_reduced_voice:phase1_reduced_voice_inst|mult_coeff[15]   ; sys_clk_50m  ; sys_clk_50m ; 0.000        ; 0.082      ; 0.746      ;
; 0.452 ; phase0_audio_path:phase0_audio_path_inst|phase1_reduced_voice:phase1_reduced_voice_inst|rd_addr_q[5]     ; phase0_audio_path:phase0_audio_path_inst|phase1_reduced_voice:phase1_reduced_voice_inst|rd_addr_q[5]     ; sys_clk_50m  ; sys_clk_50m ; 0.000        ; 0.082      ; 0.746      ;
; 0.452 ; phase0_audio_path:phase0_audio_path_inst|phase1_reduced_voice:phase1_reduced_voice_inst|rd_addr_q[4]     ; phase0_audio_path:phase0_audio_path_inst|phase1_reduced_voice:phase1_reduced_voice_inst|rd_addr_q[4]     ; sys_clk_50m  ; sys_clk_50m ; 0.000        ; 0.082      ; 0.746      ;
; 0.452 ; phase0_audio_path:phase0_audio_path_inst|phase1_reduced_voice:phase1_reduced_voice_inst|excite_index[1]  ; phase0_audio_path:phase0_audio_path_inst|phase1_reduced_voice:phase1_reduced_voice_inst|excite_index[1]  ; sys_clk_50m  ; sys_clk_50m ; 0.000        ; 0.082      ; 0.746      ;
; 0.452 ; phase0_audio_path:phase0_audio_path_inst|phase1_reduced_voice:phase1_reduced_voice_inst|excite_index[2]  ; phase0_audio_path:phase0_audio_path_inst|phase1_reduced_voice:phase1_reduced_voice_inst|excite_index[2]  ; sys_clk_50m  ; sys_clk_50m ; 0.000        ; 0.082      ; 0.746      ;
+-------+----------------------------------------------------------------------------------------------------------+----------------------------------------------------------------------------------------------------------+--------------+-------------+--------------+------------+------------+
