# vsim -lib phase1c_thirdvoice_work -voptargs="+acc" -c piano_phase0_top_nack_tb -l reports\phase1c_third_voice_msim_nack.log -do "run 12 ms; quit -f" 
# Start time: 18:16:08 on Apr 28,2026
# ** Note: (vsim-3812) Design is being optimized...
# ** Note: (vopt-143) Recognized 1 FSM in module "phase1_reduced_voice(fast)".
# ** Note: (vopt-143) Recognized 1 FSM in module "phase0_rv32i_core(fast)".
# //  ModelSim SE-64 10.5 Feb 13 2016 
# //
# //  Copyright 1991-2016 Mentor Graphics Corporation
# //  All Rights Reserved.
# //
# //  ModelSim SE-64 and its associated documentation contain trade
# //  secrets and commercial or financial information that are the property of
# //  Mentor Graphics Corporation and are privileged, confidential,
# //  and exempt from disclosure under the Freedom of Information Act,
# //  5 U.S.C. Section 552. Furthermore, this information
# //  is prohibited from disclosure under the Trade Secrets Act,
# //  18 U.S.C. Section 1905.
# //
# Loading work.piano_phase0_top_nack_tb(fast)
# Loading work.piano_phase0_tb_env(fast)
# Loading work.piano_phase0_top(fast)
# Loading work.phase0_reset_sync(fast)
# Loading work.phase0_rv32i_soc(fast)
# Loading work.phase0_rv32i_core(fast)
# Loading work.phase0_boot_rom(fast)
# Loading work.altsyncram(fast)
# Loading work.ALTERA_DEVICE_FAMILIES(fast)
# Loading work.ALTERA_MF_MEMORY_INITIALIZATION(fast)
# Loading work.phase0_data_ram(fast)
# Loading work.altsyncram(fast__1)
# Loading work.phase0_uart_mmio(fast)
# Loading work.uart_tx(fast)
# Loading work.phase0_control_regs(fast)
# Loading work.phase0_audio_path(fast)
# Loading work.phase1_reduced_voice(fast)
# Loading work.wm8978_codec_stub(fast)
# Loading work.phase0_audio_mclk_pll(fast)
# Loading work.altpll(fast)
# Loading work.ALTERA_DEVICE_FAMILIES(fast__1)
# Loading work.MF_cycloneiii_pll(fast)
# Loading work.cda_m_cntr(fast)
# Loading work.cda_n_cntr(fast)
# Loading work.cda_scale_cntr(fast)
# Loading work.pll_iobuf(fast)
# Loading work.wm8978_boot_seq(fast)
# Loading work.wm8978_i2c_ctrl(fast)
# Loading work.wm8978_dac_tx(fast)
# Loading work.wm8978_i2c_model(fast)
# run 12 ms
#  Note : Cyclone IV E PLL was reset
# Time: 0  Instance: piano_phase0_top_nack_tb.env.dut.wm8978_codec_stub_inst.phase0_audio_mclk_pll_inst.altpll_component.cycloneiii_pll.pll3
#  Note : Cyclone IV E PLL locked to incoming clock
# Time: 310000  Instance: piano_phase0_top_nack_tb.env.dut.wm8978_codec_stub_inst.phase0_audio_mclk_pll_inst.altpll_component.cycloneiii_pll.pll3
# TB_NACK_PASS fabric_status=6018053f soc_status=033f nack_count=1 stop_count=1
# ** Note: $finish    : rtl/top/piano_phase0_top_tb.v(358)
#    Time: 12 ms  Iteration: 0  Instance: /piano_phase0_top_nack_tb/env
# End time: 18:18:41 on Apr 28,2026, Elapsed time: 0:02:33
# Errors: 0, Warnings: 0
